// Jest Snapshot v1, https://goo.gl/fbAQLP

exports[`Screenshot Takes default screenshot 1`] = `
<body>
  <div>
    <div>
      <div
        class="MuiFormControl-root MuiFormControl-fullWidth MuiTextField-root css-wb57ya-MuiFormControl-root-MuiTextField-root"
        data-cy="template-name"
      >
        <label
          class="MuiFormLabel-root MuiInputLabel-root MuiInputLabel-formControl MuiInputLabel-animated MuiInputLabel-sizeMedium MuiInputLabel-outlined MuiFormLabel-colorPrimary MuiInputLabel-root MuiInputLabel-formControl MuiInputLabel-animated MuiInputLabel-sizeMedium MuiInputLabel-outlined css-14s5rfu-MuiFormLabel-root-MuiInputLabel-root"
          data-shrink="false"
          for=":r0:"
          id=":r0:-label"
        >
          Name
        </label>
        <div
          class="MuiInputBase-root MuiOutlinedInput-root MuiInputBase-colorPrimary MuiInputBase-fullWidth MuiInputBase-formControl css-md26zr-MuiInputBase-root-MuiOutlinedInput-root"
        >
          <input
            aria-invalid="false"
            class="MuiInputBase-input MuiOutlinedInput-input css-1t8l2tu-MuiInputBase-input-MuiOutlinedInput-input"
            id=":r0:"
            type="text"
            value=""
          />
          <fieldset
            aria-hidden="true"
            class="MuiOutlinedInput-notchedOutline css-1d3z3hw-MuiOutlinedInput-notchedOutline"
          >
            <legend
              class="css-yjsfm1"
            >
              <span>
                Name
              </span>
            </legend>
          </fieldset>
        </div>
      </div>
      <div
        class="css-ao3svb"
      >
        Tiers :
      </div>
      <div>
        <div
          class="css-f02uu9"
          data-cy="template-tier-in-editor"
          style="background-color: rgb(255, 140, 127);"
        >
          <div
            class="css-7l2k00"
          >
            1
          </div>
          <div
            class="MuiFormControl-root MuiFormControl-fullWidth MuiTextField-root css-y4srn6 css-wb57ya-MuiFormControl-root-MuiTextField-root"
            data-cy="tier-name-field"
          >
            <div
              class="MuiInputBase-root MuiInput-root MuiInput-underline MuiInputBase-colorPrimary MuiInputBase-fullWidth MuiInputBase-formControl css-l4u8b9-MuiInputBase-root-MuiInput-root"
            >
              <input
                aria-invalid="false"
                class="MuiInputBase-input MuiInput-input css-1x51dt5-MuiInputBase-input-MuiInput-input"
                id=":r1:"
                type="text"
                value="Tier 1"
              />
            </div>
          </div>
          <div
            class="app_spacer"
          />
        </div>
        <div
          class="css-f02uu9"
          data-cy="template-tier-in-editor"
          style="background-color: rgb(255, 192, 125);"
        >
          <div
            class="css-7l2k00"
          >
            2
          </div>
          <div
            class="MuiFormControl-root MuiFormControl-fullWidth MuiTextField-root css-y4srn6 css-wb57ya-MuiFormControl-root-MuiTextField-root"
            data-cy="tier-name-field"
          >
            <div
              class="MuiInputBase-root MuiInput-root MuiInput-underline MuiInputBase-colorPrimary MuiInputBase-fullWidth MuiInputBase-formControl css-l4u8b9-MuiInputBase-root-MuiInput-root"
            >
              <input
                aria-invalid="false"
                class="MuiInputBase-input MuiInput-input css-1x51dt5-MuiInputBase-input-MuiInput-input"
                id=":r2:"
                type="text"
                value="Tier 2"
              />
            </div>
          </div>
          <div
            class="app_spacer"
          />
        </div>
        <div
          class="css-f02uu9"
          data-cy="template-tier-in-editor"
          style="background-color: rgb(254, 247, 130);"
        >
          <div
            class="css-7l2k00"
          >
            3
          </div>
          <div
            class="MuiFormControl-root MuiFormControl-fullWidth MuiTextField-root css-y4srn6 css-wb57ya-MuiFormControl-root-MuiTextField-root"
            data-cy="tier-name-field"
          >
            <div
              class="MuiInputBase-root MuiInput-root MuiInput-underline MuiInputBase-colorPrimary MuiInputBase-fullWidth MuiInputBase-formControl css-l4u8b9-MuiInputBase-root-MuiInput-root"
            >
              <input
                aria-invalid="false"
                class="MuiInputBase-input MuiInput-input css-1x51dt5-MuiInputBase-input-MuiInput-input"
                id=":r3:"
                type="text"
                value="Tier 2"
              />
            </div>
          </div>
          <div
            class="app_spacer"
          />
        </div>
        <div
          class="css-f02uu9"
          data-cy="template-tier-in-editor"
          style="background-color: rgb(122, 234, 129);"
        >
          <div
            class="css-7l2k00"
          >
            4
          </div>
          <div
            class="MuiFormControl-root MuiFormControl-fullWidth MuiTextField-root css-y4srn6 css-wb57ya-MuiFormControl-root-MuiTextField-root"
            data-cy="tier-name-field"
          >
            <div
              class="MuiInputBase-root MuiInput-root MuiInput-underline MuiInputBase-colorPrimary MuiInputBase-fullWidth MuiInputBase-formControl css-l4u8b9-MuiInputBase-root-MuiInput-root"
            >
              <input
                aria-invalid="false"
                class="MuiInputBase-input MuiInput-input css-1x51dt5-MuiInputBase-input-MuiInput-input"
                id=":r4:"
                type="text"
                value="Tier 4"
              />
            </div>
          </div>
          <div
            class="app_spacer"
          />
        </div>
        <div
          class="css-f02uu9"
          data-cy="template-tier-in-editor"
          style="background-color: rgb(120, 189, 253);"
        >
          <div
            class="css-7l2k00"
          >
            5
          </div>
          <div
            class="MuiFormControl-root MuiFormControl-fullWidth MuiTextField-root css-y4srn6 css-wb57ya-MuiFormControl-root-MuiTextField-root"
            data-cy="tier-name-field"
          >
            <div
              class="MuiInputBase-root MuiInput-root MuiInput-underline MuiInputBase-colorPrimary MuiInputBase-fullWidth MuiInputBase-formControl css-l4u8b9-MuiInputBase-root-MuiInput-root"
            >
              <input
                aria-invalid="false"
                class="MuiInputBase-input MuiInput-input css-1x51dt5-MuiInputBase-input-MuiInput-input"
                id=":r5:"
                type="text"
                value="Tier 5"
              />
            </div>
          </div>
          <div
            class="app_spacer"
          />
        </div>
      </div>
      <div
        class="css-ao3svb"
      >
        Elements :
      </div>
      <div
        class="css-1dtnjt5"
      >
        <div
          style="margin-left: 5px;"
        >
          <label
            class="MuiButtonBase-root MuiButton-root MuiButton-contained MuiButton-containedPrimary MuiButton-sizeMedium MuiButton-containedSizeMedium MuiButton-root MuiButton-contained MuiButton-containedPrimary MuiButton-sizeMedium MuiButton-containedSizeMedium css-13ambje css-1t5b4kh css-sghohy-MuiButtonBase-root-MuiButton-root"
            role="button"
            tabindex="0"
          >
            <svg
              aria-hidden="true"
              class="MuiSvgIcon-root MuiSvgIcon-fontSizeMedium css-i4bv87-MuiSvgIcon-root"
              data-testid="AddCircleOutlineIcon"
              focusable="false"
              style="width: 40px; height: 40px;"
              viewBox="0 0 24 24"
            >
              <path
                d="M13 7h-2v4H7v2h4v4h2v-4h4v-2h-4V7zm-1-5C6.48 2 2 6.48 2 12s4.48 10 10 10 10-4.48 10-10S17.52 2 12 2zm0 18c-4.41 0-8-3.59-8-8s3.59-8 8-8 8 3.59 8 8-3.59 8-8 8z"
              />
            </svg>
            <input
              accept="image/*"
              class="css-195j79u"
              data-cy="add-element-input"
              data-testid="add-element-input"
              multiple=""
              type="file"
            />
            <span
              class="MuiTouchRipple-root css-8je8zh-MuiTouchRipple-root"
            />
          </label>
        </div>
      </div>
    </div>
    <div
      class="css-9n2jq3"
    >
      <div
        class="app_spacer"
      />
      <div
        class=""
        data-cy="create-template"
        data-mui-internal-clone-element="true"
      >
        <button
          class="
                css-1t5c0s4
                css-av1nc5
            "
          data-cy="app-button"
          disabled=""
          role="button"
        >
          <span
            class="css-1uxuv1w add_btn_shadow"
          />
          <span
            class="css-e5grz5"
          />
          <span
            class="
                    css-1pqqf9o
                    add_btn_front
                    
                "
            style="color: white;"
          />
        </button>
      </div>
    </div>
  </div>
</body>
`;
