// Jest Snapshot v1, https://goo.gl/fbAQLP

exports[`Screenshot takes default screenshot 1`] = `
<body>
  <div>
    <div
      class="css-ggvbf6"
      style="margin: 25px 0px;"
    >
      <h1>
        My title
        <span>
          My subtitle
        </span>
      </h1>
    </div>
  </div>
</body>
`;
