// Jest Snapshot v1, https://goo.gl/fbAQLP

exports[`Screenshot takes default screenshot 1`] = `
<body>
  <div>
    <header
      class=""
      style="min-height: 60;"
    >
      <nav
        class="navbar-expand-sm navbar-toggleable-sm ng-white border-bottom box-shadow mb-3 navbar navbar-light"
      >
        <div
          class="container"
        >
          <a
            class="navbar-brand"
            href="/"
          >
            <img
              class="css-1qu68v9"
              src="[object Object]"
            />
            Ranking App
          </a>
          <button
            aria-label="Toggle navigation"
            class="mr-2 navbar-toggler"
            type="button"
          >
            <span
              class="navbar-toggler-icon"
            />
          </button>
          <div
            class="d-sm-inline-flex flex-sm-row-reverse collapse navbar-collapse"
          >
            <ul
              class="navbar-nav flex-grow"
            >
              <li
                class="nav-item"
              >
                <a
                  class="css-8dyutd nav-link"
                  href="/"
                >
                  Home
                </a>
              </li>
              <li
                class="nav-item"
              >
                <a
                  class="css-8dyutd nav-link"
                  href="/templates"
                >
                  Templates
                </a>
              </li>
              <li
                class="nav-item"
              >
                <a
                  class="css-8dyutd nav-link"
                  href="/tierlists"
                >
                  Tierlists
                </a>
              </li>
              <li
                class="nav-item"
              >
                <a
                  class="css-8dyutd nav-link"
                >
                  <span>
                    Logout
                  </span>
                </a>
              </li>
            </ul>
          </div>
        </div>
      </nav>
    </header>
  </div>
</body>
`;
